[0m14:16:20.304216 [debug] [MainThread]: Sending event: {'category': 'dbt', 'action': 'invocation', 'label': 'start', 'context': [<snowplow_tracker.self_describing_json.SelfDescribingJson object at 0x000002BB314B2060>, <snowplow_tracker.self_describing_json.SelfDescribingJson object at 0x000002BB31C38050>, <snowplow_tracker.self_describing_json.SelfDescribingJson object at 0x000002BB31C38890>]}


============================== 14:16:20.308588 | 0e9cdae4-bcaa-4166-bc22-83c0de6c4137 ==============================
[0m14:16:20.308588 [info ] [MainThread]: Running with dbt=1.12.4
[0m14:16:20.309503 [debug] [MainThread]: running dbt with arguments {'maximum_seed_size_mib': '1', 'no_print': 'None', 'version_check': 'True', 'warn_error_options': 'WarnErrorOptionsV2(error=[], warn=[], silence=[])', 'static_parser': 'True', 'target_path': 'None', 'printer_width': '80', 'write_json': 'True', 'empty': 'None', 'log_cache_events': 'False', 'introspect': 'True', 'cache_selected_only': 'False', 'fail_fast': 'False', 'debug': 'False', 'log_format': 'default', 'profiles_dir': 'C:\\Users\\Bishal\\.dbt', 'send_anonymous_usage_stats': 'True', 'quiet': 'False', 'warn_error': 'None', 'partial_parse': 'True', 'indirect_selection': 'eager', 'hints_enabled': 'True', 'use_colors': 'True', 'use_experimental_parser': 'False', 'invocation_command': 'dbt debug', 'log_path': 'logs'}
[0m14:16:20.341637 [info ] [MainThread]: dbt version: 1.12.4
[0m14:16:20.341637 [info ] [MainThread]: python version: 3.12.10
[0m14:16:20.342638 [info ] [MainThread]: python path: D:\class material\DBT\venv\Scripts\python.exe
[0m14:16:20.342638 [info ] [MainThread]: os info: Windows-11-10.0.26200-SP0
[0m14:16:20.407700 [info ] [MainThread]: Using profiles dir at C:\Users\Bishal\.dbt
[0m14:16:20.408318 [info ] [MainThread]: Using profiles.yml file at C:\Users\Bishal\.dbt\profiles.yml
[0m14:16:20.408318 [info ] [MainThread]: Using dbt_project.yml file at D:\class material\DBT\dbt_project.yml
[0m14:16:20.410505 [info ] [MainThread]: adapter type: postgres
[0m14:16:20.410505 [info ] [MainThread]: adapter version: 1.11.0
[0m14:16:20.411512 [info ] [MainThread]: Configuration:
[0m14:16:20.412494 [info ] [MainThread]:   profiles.yml file [[32mOK found and valid[0m]
[0m14:16:20.412494 [info ] [MainThread]:   dbt_project.yml file [[31mERROR not found[0m]
[0m14:16:20.413499 [info ] [MainThread]: Required dependencies:
[0m14:16:20.413499 [debug] [MainThread]: Executing "git --help"
[0m14:16:20.459401 [debug] [MainThread]: STDOUT: "b"usage: git [-v | --version] [-h | --help] [-C <path>] [-c <name>=<value>]\n           [--exec-path[=<path>]] [--html-path] [--man-path] [--info-path]\n           [-p | --paginate | -P | --no-pager] [--no-replace-objects] [--no-lazy-fetch]\n           [--no-optional-locks] [--no-advice] [--bare] [--git-dir=<path>]\n           [--work-tree=<path>] [--namespace=<name>] [--config-env=<name>=<envvar>]\n           <command> [<args>]\n\nThese are common Git commands used in various situations:\n\nstart a working area (see also: git help tutorial)\n   clone      Clone a repository into a new directory\n   init       Create an empty Git repository or reinitialize an existing one\n\nwork on the current change (see also: git help everyday)\n   add        Add file contents to the index\n   mv         Move or rename a file, a directory, or a symlink\n   restore    Restore working tree files\n   rm         Remove files from the working tree and from the index\n\nexamine the history and state (see also: git help revisions)\n   bisect     Use binary search to find the commit that introduced a bug\n   diff       Show changes between commits, commit and working tree, etc\n   grep       Print lines matching a pattern\n   log        Show commit logs\n   show       Show various types of objects\n   status     Show the working tree status\n\ngrow, mark and tweak your common history\n   backfill   Download missing objects in a partial clone\n   branch     List, create, or delete branches\n   commit     Record changes to the repository\n   merge      Join two or more development histories together\n   rebase     Reapply commits on top of another base tip\n   reset      Reset current HEAD to the specified state\n   switch     Switch branches\n   tag        Create, list, delete or verify tags\n\ncollaborate (see also: git help workflows)\n   fetch      Download objects and refs from another repository\n   pull       Fetch from and integrate with another repository or a local branch\n   push       Update remote refs along with associated objects\n\n'git help -a' and 'git help -g' list available subcommands and some\nconcept guides. See 'git help <command>' or 'git help <concept>'\nto read about a specific subcommand or concept.\nSee 'git help git' for an overview of the system.\n""
[0m14:16:20.460403 [debug] [MainThread]: STDERR: "b''"
[0m14:16:20.460403 [info ] [MainThread]:  - git [[32mOK found[0m]

[0m14:16:20.461408 [info ] [MainThread]: Connection:
[0m14:16:20.462424 [info ] [MainThread]:   host: localhost
[0m14:16:20.462424 [info ] [MainThread]:   port: 5432
[0m14:16:20.463489 [info ] [MainThread]:   user: postgres
[0m14:16:20.463489 [info ] [MainThread]:   database: dbt_data
[0m14:16:20.463489 [info ] [MainThread]:   schema: public
[0m14:16:20.464415 [info ] [MainThread]:   connect_timeout: 10
[0m14:16:20.464415 [info ] [MainThread]:   role: None
[0m14:16:20.464415 [info ] [MainThread]:   search_path: None
[0m14:16:20.465424 [info ] [MainThread]:   keepalives_idle: 0
[0m14:16:20.465424 [info ] [MainThread]:   sslmode: None
[0m14:16:20.465424 [info ] [MainThread]:   sslcert: None
[0m14:16:20.466418 [info ] [MainThread]:   sslkey: None
[0m14:16:20.466418 [info ] [MainThread]:   sslrootcert: None
[0m14:16:20.466418 [info ] [MainThread]:   application_name: dbt
[0m14:16:20.467416 [info ] [MainThread]:   autocommit: False
[0m14:16:20.467416 [info ] [MainThread]:   retries: 1
[0m14:16:20.468565 [info ] [MainThread]: Registered adapter: postgres=1.11.0
[0m14:16:20.797123 [debug] [MainThread]: Acquiring new postgres connection 'debug'
[0m14:16:20.900389 [debug] [MainThread]: Using postgres connection "debug"
[0m14:16:20.900389 [debug] [MainThread]: On debug: select 1 as id
[0m14:16:20.900389 [debug] [MainThread]: Opening a new connection, currently in state init
[0m14:16:20.948466 [debug] [MainThread]: SQL status: SELECT 1 in 0.048 seconds
[0m14:16:20.949429 [debug] [MainThread]: On debug: Close
[0m14:16:20.949429 [info ] [MainThread]:   Connection test: [[32mOK connection ok[0m]

[0m14:16:20.950429 [info ] [MainThread]: [31m1 check failed:[0m
[0m14:16:20.951509 [info ] [MainThread]: Project loading failed for the following reason:
 project path <D:\class material\DBT\dbt_project.yml> not found

[0m14:16:20.952429 [debug] [MainThread]: Command `dbt debug` failed at 14:16:20.952429 after 0.82 seconds
[0m14:16:20.953555 [debug] [MainThread]: Connection 'debug' was properly closed.
[0m14:16:20.953555 [debug] [MainThread]: Sending event: {'category': 'dbt', 'action': 'invocation', 'label': 'end', 'context': [<snowplow_tracker.self_describing_json.SelfDescribingJson object at 0x000002BB35C443B0>, <snowplow_tracker.self_describing_json.SelfDescribingJson object at 0x000002BB35B09DC0>, <snowplow_tracker.self_describing_json.SelfDescribingJson object at 0x000002BB35BEAB70>]}
[0m14:16:20.954651 [debug] [MainThread]: Flushing usage events
[0m14:16:22.407908 [debug] [MainThread]: An error was encountered while trying to flush usage events
[0m14:18:41.022838 [debug] [MainThread]: Sending event: {'category': 'dbt', 'action': 'invocation', 'label': 'start', 'context': [<snowplow_tracker.self_describing_json.SelfDescribingJson object at 0x000001BA901FADB0>, <snowplow_tracker.self_describing_json.SelfDescribingJson object at 0x000001BA8BD52000>, <snowplow_tracker.self_describing_json.SelfDescribingJson object at 0x000001BA8E4875F0>]}


============================== 14:18:41.026865 | 5eb491c3-11eb-449b-939e-af392b453371 ==============================
[0m14:18:41.026865 [info ] [MainThread]: Running with dbt=1.12.4
[0m14:18:41.027815 [debug] [MainThread]: running dbt with arguments {'maximum_seed_size_mib': '1', 'no_print': 'None', 'version_check': 'True', 'warn_error_options': 'WarnErrorOptionsV2(error=[], warn=[], silence=[])', 'target_path': 'None', 'static_parser': 'True', 'printer_width': '80', 'write_json': 'True', 'empty': 'None', 'log_cache_events': 'False', 'introspect': 'True', 'cache_selected_only': 'False', 'fail_fast': 'False', 'debug': 'False', 'log_format': 'default', 'partial_parse': 'True', 'send_anonymous_usage_stats': 'True', 'quiet': 'False', 'warn_error': 'None', 'profiles_dir': 'C:\\Users\\Bishal\\.dbt', 'use_colors': 'True', 'hints_enabled': 'True', 'invocation_command': 'dbt debug', 'use_experimental_parser': 'False', 'indirect_selection': 'eager', 'log_path': 'logs'}
[0m14:18:41.059472 [info ] [MainThread]: dbt version: 1.12.4
[0m14:18:41.061473 [info ] [MainThread]: python version: 3.12.10
[0m14:18:41.062464 [info ] [MainThread]: python path: D:\class material\DBT\venv\Scripts\python.exe
[0m14:18:41.063474 [info ] [MainThread]: os info: Windows-11-10.0.26200-SP0
[0m14:18:41.132066 [info ] [MainThread]: Using profiles dir at C:\Users\Bishal\.dbt
[0m14:18:41.132647 [info ] [MainThread]: Using profiles.yml file at C:\Users\Bishal\.dbt\profiles.yml
[0m14:18:41.132647 [info ] [MainThread]: Using dbt_project.yml file at D:\class material\DBT\dbt_project.yml
[0m14:18:41.135657 [info ] [MainThread]: adapter type: postgres
[0m14:18:41.135657 [info ] [MainThread]: adapter version: 1.11.0
[0m14:18:41.136703 [info ] [MainThread]: Configuration:
[0m14:18:41.136703 [info ] [MainThread]:   profiles.yml file [[32mOK found and valid[0m]
[0m14:18:41.137654 [info ] [MainThread]:   dbt_project.yml file [[31mERROR not found[0m]
[0m14:18:41.137654 [info ] [MainThread]: Required dependencies:
[0m14:18:41.138658 [debug] [MainThread]: Executing "git --help"
[0m14:18:41.182030 [debug] [MainThread]: STDOUT: "b"usage: git [-v | --version] [-h | --help] [-C <path>] [-c <name>=<value>]\n           [--exec-path[=<path>]] [--html-path] [--man-path] [--info-path]\n           [-p | --paginate | -P | --no-pager] [--no-replace-objects] [--no-lazy-fetch]\n           [--no-optional-locks] [--no-advice] [--bare] [--git-dir=<path>]\n           [--work-tree=<path>] [--namespace=<name>] [--config-env=<name>=<envvar>]\n           <command> [<args>]\n\nThese are common Git commands used in various situations:\n\nstart a working area (see also: git help tutorial)\n   clone      Clone a repository into a new directory\n   init       Create an empty Git repository or reinitialize an existing one\n\nwork on the current change (see also: git help everyday)\n   add        Add file contents to the index\n   mv         Move or rename a file, a directory, or a symlink\n   restore    Restore working tree files\n   rm         Remove files from the working tree and from the index\n\nexamine the history and state (see also: git help revisions)\n   bisect     Use binary search to find the commit that introduced a bug\n   diff       Show changes between commits, commit and working tree, etc\n   grep       Print lines matching a pattern\n   log        Show commit logs\n   show       Show various types of objects\n   status     Show the working tree status\n\ngrow, mark and tweak your common history\n   backfill   Download missing objects in a partial clone\n   branch     List, create, or delete branches\n   commit     Record changes to the repository\n   merge      Join two or more development histories together\n   rebase     Reapply commits on top of another base tip\n   reset      Reset current HEAD to the specified state\n   switch     Switch branches\n   tag        Create, list, delete or verify tags\n\ncollaborate (see also: git help workflows)\n   fetch      Download objects and refs from another repository\n   pull       Fetch from and integrate with another repository or a local branch\n   push       Update remote refs along with associated objects\n\n'git help -a' and 'git help -g' list available subcommands and some\nconcept guides. See 'git help <command>' or 'git help <concept>'\nto read about a specific subcommand or concept.\nSee 'git help git' for an overview of the system.\n""
[0m14:18:41.182030 [debug] [MainThread]: STDERR: "b''"
[0m14:18:41.182030 [info ] [MainThread]:  - git [[32mOK found[0m]

[0m14:18:41.183302 [info ] [MainThread]: Connection:
[0m14:18:41.183302 [info ] [MainThread]:   host: localhost
[0m14:18:41.184309 [info ] [MainThread]:   port: 5432
[0m14:18:41.184309 [info ] [MainThread]:   user: postgres
[0m14:18:41.185310 [info ] [MainThread]:   database: dbt_data
[0m14:18:41.185310 [info ] [MainThread]:   schema: public
[0m14:18:41.186311 [info ] [MainThread]:   connect_timeout: 10
[0m14:18:41.186311 [info ] [MainThread]:   role: None
[0m14:18:41.187310 [info ] [MainThread]:   search_path: None
[0m14:18:41.187310 [info ] [MainThread]:   keepalives_idle: 0
[0m14:18:41.188309 [info ] [MainThread]:   sslmode: None
[0m14:18:41.188309 [info ] [MainThread]:   sslcert: None
[0m14:18:41.189313 [info ] [MainThread]:   sslkey: None
[0m14:18:41.189313 [info ] [MainThread]:   sslrootcert: None
[0m14:18:41.190310 [info ] [MainThread]:   application_name: dbt
[0m14:18:41.190310 [info ] [MainThread]:   autocommit: False
[0m14:18:41.191313 [info ] [MainThread]:   retries: 1
[0m14:18:41.191313 [info ] [MainThread]: Registered adapter: postgres=1.11.0
[0m14:18:41.483172 [debug] [MainThread]: Acquiring new postgres connection 'debug'
[0m14:18:41.575082 [debug] [MainThread]: Using postgres connection "debug"
[0m14:18:41.576158 [debug] [MainThread]: On debug: select 1 as id
[0m14:18:41.576158 [debug] [MainThread]: Opening a new connection, currently in state init
[0m14:18:41.620455 [debug] [MainThread]: SQL status: SELECT 1 in 0.044 seconds
[0m14:18:41.621462 [debug] [MainThread]: On debug: Close
[0m14:18:41.621462 [info ] [MainThread]:   Connection test: [[32mOK connection ok[0m]

[0m14:18:41.622463 [info ] [MainThread]: [31m1 check failed:[0m
[0m14:18:41.623462 [info ] [MainThread]: Project loading failed for the following reason:
 project path <D:\class material\DBT\dbt_project.yml> not found

[0m14:18:41.624560 [debug] [MainThread]: Command `dbt debug` failed at 14:18:41.623462 after 0.76 seconds
[0m14:18:41.624560 [debug] [MainThread]: Connection 'debug' was properly closed.
[0m14:18:41.624560 [debug] [MainThread]: Sending event: {'category': 'dbt', 'action': 'invocation', 'label': 'end', 'context': [<snowplow_tracker.self_describing_json.SelfDescribingJson object at 0x000001BA8DC96D20>, <snowplow_tracker.self_describing_json.SelfDescribingJson object at 0x000001BA8E1FF530>, <snowplow_tracker.self_describing_json.SelfDescribingJson object at 0x000001BA8E610470>]}
[0m14:18:41.625551 [debug] [MainThread]: Flushing usage events
[0m14:18:42.863721 [debug] [MainThread]: An error was encountered while trying to flush usage events
